
> migma-lp@0.0.0 build
> tsc -b && vite build

src/features/visa-checkout/components/shared/OrderSummary.tsx(3,10): error TS1484: 'VisaProduct' is a type and must be imported using a type-only import when 'verbatimModuleSyntax' is enabled.
src/features/visa-checkout/components/steps/step1/LegalAddressFields.tsx(86,68): error TS2339: Property 'code' does not exist on type 'string'.
src/features/visa-checkout/components/steps/step1/LegalAddressFields.tsx(86,83): error TS2339: Property 'name' does not exist on type 'string'.
src/features/visa-checkout/components/steps/step1/LegalAddressFields.tsx(86,92): error TS2339: Property 'name' does not exist on type 'string'.
src/features/visa-checkout/components/steps/step1/LegalAddressFields.tsx(158,64): error TS2339: Property 'code' does not exist on type 'string'.
src/features/visa-checkout/components/steps/step1/LegalAddressFields.tsx(158,79): error TS2339: Property 'name' does not exist on type 'string'.
src/features/visa-checkout/components/steps/step1/LegalAddressFields.tsx(158,88): error TS2339: Property 'name' does not exist on type 'string'.
src/features/visa-checkout/components/steps/step2/ExistingContractBanner.tsx(4,43): error TS2307: Cannot find module '../../types/form.types' or its corresponding type declarations.
src/features/visa-checkout/components/steps/Step2Documents.tsx(17,52): error TS6133: 'documentFiles' is declared but its value is never read.
src/features/visa-checkout/components/steps/step3/PaymentButtons.tsx(3,36): error TS2307: Cannot find module '../../types/form.types' or its corresponding type declarations.
src/features/visa-checkout/components/steps/step3/PaymentMethodSelector.tsx(3,36): error TS2307: Cannot find module '../../types/form.types' or its corresponding type declarations.
src/features/visa-checkout/components/steps/step3/SignatureSection.tsx(16,14): error TS2741: Property 'onSignatureChange' is missing in type '{ onSignatureConfirm: (url: string) => void; savedSignature: string | null; isConfirmed: boolean; label: string; }' but required in type 'SignaturePadComponentProps'.
src/features/visa-checkout/hooks/useCheckoutSteps.ts(2,10): error TS1484: 'VisaCheckoutState' is a type and must be imported using a type-only import when 'verbatimModuleSyntax' is enabled.
src/features/visa-checkout/hooks/useCheckoutSteps.ts(2,29): error TS1484: 'VisaCheckoutActions' is a type and must be imported using a type-only import when 'verbatimModuleSyntax' is enabled.
src/features/visa-checkout/hooks/useDocumentUpload.ts(3,10): error TS1484: 'VisaCheckoutState' is a type and must be imported using a type-only import when 'verbatimModuleSyntax' is enabled.
src/features/visa-checkout/hooks/useDocumentUpload.ts(3,29): error TS1484: 'VisaCheckoutActions' is a type and must be imported using a type-only import when 'verbatimModuleSyntax' is enabled.
src/features/visa-checkout/hooks/useDraftRecovery.ts(2,1): error TS6133: 'supabase' is declared but its value is never read.
src/features/visa-checkout/hooks/useDraftRecovery.ts(4,10): error TS1484: 'VisaCheckoutState' is a type and must be imported using a type-only import when 'verbatimModuleSyntax' is enabled.
src/features/visa-checkout/hooks/useDraftRecovery.ts(4,29): error TS1484: 'VisaCheckoutActions' is a type and must be imported using a type-only import when 'verbatimModuleSyntax' is enabled.
src/features/visa-checkout/hooks/useDraftRecovery.ts(13,11): error TS6198: All destructured elements are unused.
src/features/visa-checkout/hooks/usePaymentHandlers.ts(4,5): error TS6133: 'WiseService' is declared but its value is never read.
src/features/visa-checkout/hooks/usePaymentHandlers.ts(8,5): error TS6133: 'WisePaymentRequest' is declared but its value is never read.
src/features/visa-checkout/hooks/usePaymentHandlers.ts(9,8): error TS2307: Cannot find module '../../index' or its corresponding type declarations.
src/features/visa-checkout/hooks/usePaymentHandlers.ts(16,10): error TS1484: 'VisaCheckoutState' is a type and must be imported using a type-only import when 'verbatimModuleSyntax' is enabled.
src/features/visa-checkout/hooks/usePaymentHandlers.ts(16,29): error TS1484: 'VisaCheckoutActions' is a type and must be imported using a type-only import when 'verbatimModuleSyntax' is enabled.
src/features/visa-checkout/hooks/usePaymentHandlers.ts(51,9): error TS6133: 'setFieldErrors' is declared but its value is never read.
src/features/visa-checkout/hooks/useVisaCheckoutForm.ts(1,20): error TS6133: 'useCallback' is declared but its value is never read.
src/features/visa-checkout/hooks/useVisaCheckoutForm.ts(44,33): error TS6133: 'setHasExistingContract' is declared but its value is never read.
src/features/visa-checkout/hooks/useVisaCheckoutForm.ts(45,34): error TS6133: 'setExistingContractData' is declared but its value is never read.
src/features/visa-checkout/hooks/useVisaCheckoutForm.ts(60,30): error TS6133: 'setContractTemplate' is declared but its value is never read.
src/features/visa-checkout/hooks/useVisaCheckoutForm.ts(61,37): error TS6133: 'setChargebackAnnexTemplate' is declared but its value is never read.
src/features/visa-checkout/hooks/useVisaCheckoutForm.ts(62,29): error TS6133: 'setLoadingTemplate' is declared but its value is never read.
src/features/visa-checkout/hooks/useVisaCheckoutForm.ts(63,34): error TS6133: 'setLoadingAnnexTemplate' is declared but its value is never read.
src/features/visa-checkout/hooks/useVisaCheckoutForm.ts(64,26): error TS6133: 'setExchangeRate' is declared but its value is never read.
src/features/visa-checkout/types/form.types.ts(1,10): error TS1484: 'ContractTemplate' is a type and must be imported using a type-only import when 'verbatimModuleSyntax' is enabled.
src/features/visa-checkout/VisaCheckoutPage.tsx(37,5): error TS2554: Expected 5 arguments, but got 2.
